\BOOKMARK [1][-]{section.1}{\376\377\000A\000p\000p\000l\000i\000c\000a\000t\000i\000o\000n\000\040\000D\000e\000s\000c\000r\000i\000p\000t\000i\000o\000n}{}% 1
\BOOKMARK [1][-]{section.2}{\376\377\000T\000e\000c\000h\000n\000o\000l\000o\000g\000i\000c\000a\000l\000\040\000C\000h\000o\000i\000c\000e\000s}{}% 2
\BOOKMARK [2][-]{subsection.2.1}{\376\377\000T\000e\000c\000h\000n\000o\000l\000o\000g\000i\000e\000s\000\040\000U\000s\000e\000d}{section.2}% 3
\BOOKMARK [1][-]{section.3}{\376\377\000T\000e\000s\000t\000i\000n\000g\000\040\000A\000r\000c\000h\000i\000t\000e\000c\000t\000u\000r\000e}{}% 4
\BOOKMARK [2][-]{subsection.3.1}{\376\377\000T\000y\000p\000e\000s\000\040\000o\000f\000\040\000T\000e\000s\000t\000s}{section.3}% 5
\BOOKMARK [2][-]{subsection.3.2}{\376\377\000C\000I\000/\000C\000D\000\040\000P\000i\000p\000e\000l\000i\000n\000e}{section.3}% 6
\BOOKMARK [1][-]{section.4}{\376\377\000D\000o\000m\000a\000i\000n\000-\000D\000r\000i\000v\000e\000n\000\040\000D\000e\000s\000i\000g\000n\000\040\000A\000p\000p\000r\000o\000a\000c\000h}{}% 7
\BOOKMARK [2][-]{subsection.4.1}{\376\377\000S\000t\000r\000a\000t\000e\000g\000i\000c\000\040\000D\000e\000s\000i\000g\000n}{section.4}% 8
\BOOKMARK [2][-]{subsection.4.2}{\376\377\000B\000o\000u\000n\000d\000e\000d\000\040\000C\000o\000n\000t\000e\000x\000t\000s}{section.4}% 9
\BOOKMARK [2][-]{subsection.4.3}{\376\377\000U\000b\000i\000q\000u\000i\000t\000o\000u\000s\000\040\000L\000a\000n\000g\000u\000a\000g\000e}{section.4}% 10
\BOOKMARK [1][-]{section.5}{\376\377\000R\000e\000q\000u\000i\000r\000e\000m\000e\000n\000t\000s}{}% 11
\BOOKMARK [2][-]{subsection.5.1}{\376\377\000U\000s\000e\000r\000\040\000S\000t\000o\000r\000i\000e\000s}{section.5}% 12
\BOOKMARK [2][-]{subsection.5.2}{\376\377\000R\000e\000q\000u\000i\000r\000e\000m\000e\000n\000t\000s\000\040\000T\000a\000b\000l\000e\000s}{section.5}% 13
\BOOKMARK [2][-]{subsection.5.3}{\376\377\000B\000u\000s\000i\000n\000e\000s\000s\000\040\000R\000u\000l\000e\000s}{section.5}% 14
\BOOKMARK [1][-]{section.6}{\376\377\000A\000p\000p\000l\000i\000c\000a\000t\000i\000o\000n\000\040\000A\000r\000c\000h\000i\000t\000e\000c\000t\000u\000r\000e\000\040\000a\000n\000d\000\040\000D\000e\000p\000l\000o\000y\000m\000e\000n\000t}{}% 15
\BOOKMARK [1][-]{section.7}{\376\377\000M\000a\000i\000n\000\040\000M\000i\000c\000r\000o\000s\000e\000r\000v\000i\000c\000e\000s}{}% 16
\BOOKMARK [2][-]{subsection.7.1}{\376\377\000A\000P\000I\000\040\000G\000a\000t\000e\000w\000a\000y}{section.7}% 17
\BOOKMARK [2][-]{subsection.7.2}{\376\377\000U\000s\000e\000r\000\040\000S\000e\000r\000v\000i\000c\000e}{section.7}% 18
\BOOKMARK [2][-]{subsection.7.3}{\376\377\000S\000o\000c\000i\000a\000l\000\040\000S\000e\000r\000v\000i\000c\000e}{section.7}% 19
\BOOKMARK [2][-]{subsection.7.4}{\376\377\000P\000o\000s\000t\000\040\000S\000e\000r\000v\000i\000c\000e}{section.7}% 20
\BOOKMARK [2][-]{subsection.7.5}{\376\377\000N\000o\000t\000i\000f\000i\000c\000a\000t\000i\000o\000n\000\040\000S\000e\000r\000v\000i\000c\000e}{section.7}% 21
\BOOKMARK [1][-]{section.8}{\376\377\000A\000d\000d\000i\000t\000i\000o\000n\000a\000l\000\040\000P\000a\000t\000t\000e\000r\000n\000s\000\040\000a\000n\000d\000\040\000M\000o\000n\000i\000t\000o\000r\000i\000n\000g}{}% 22
\BOOKMARK [2][-]{subsection.8.1}{\376\377\000H\000e\000a\000l\000t\000h\000\040\000A\000P\000I}{section.8}% 23
\BOOKMARK [2][-]{subsection.8.2}{\376\377\000A\000p\000p\000l\000i\000c\000a\000t\000i\000o\000n\000\040\000M\000e\000t\000r\000i\000c\000s}{section.8}% 24
\BOOKMARK [1][-]{section.9}{\376\377\000I\000m\000p\000l\000e\000m\000e\000n\000t\000a\000t\000i\000o\000n}{}% 25
\BOOKMARK [2][-]{subsection.9.1}{\376\377\000U\000s\000e\000\040\000o\000f\000\040\000A\000I\000\040\000D\000u\000r\000i\000n\000g\000\040\000C\000o\000d\000i\000n\000g}{section.9}% 26
\BOOKMARK [1][-]{section.10}{\376\377\000C\000o\000n\000c\000l\000u\000s\000i\000o\000n\000s}{}% 27
